// Vitest Snapshot v1, https://vitest.dev/guide/snapshot.html

exports[`buildTree > 경로 배열로 트리 구조를 만든다 1`] = `
[
  {
    "children": [
      {
        "children": [
          {
            "children": [],
            "hasPath": true,
            "name": "c",
            "path": "/a/b/c",
          },
        ],
        "hasPath": true,
        "name": "b",
        "path": "/a/b",
      },
    ],
    "hasPath": true,
    "name": "a",
    "path": "/a",
  },
  {
    "children": [],
    "hasPath": true,
    "name": "d",
    "path": "/d",
  },
]
`;
